******************************************************************************
                  TI ARM Linker Unix v16.9.0                   
******************************************************************************
>> Linked Sun Jan  8 20:39:07 2017

OUTPUT FILE NAME:   <Protegmed-TM4C-Bootloader.out>
ENTRY POINT SYMBOL: "_c_int00"  address: 200015f7


MEMORY CONFIGURATION

         name            origin    length      used     unused   attr    fill
----------------------  --------  ---------  --------  --------  ----  --------
  FLASH                 00000000   00004000  00001a64  0000259c  R  X
  SRAM                  20000000   00010000  0000326c  0000cd94  RW X


SEGMENT ALLOCATION MAP

run origin  load origin   length   init length attrs members
----------  ----------- ---------- ----------- ----- -------
20000000    00000000    00001a5e   00001a5e    r-x
  20000000    00000000    00000044   00000044    r-- .intvecs
  20000044    00000044    000019fc   000019fc    r-x .text
  20001a40    00001a40    0000001e   0000001e    r-- .const
20001a5e    00001a5e    00000006   00000006    rw-
  20001a5e    00001a5e    00000006   00000006    rw- .data
20001a68    20001a68    00001808   00000000    rw-
  20001a68    20001a68    00001401   00000000    rw- .bss
  20002e70    20002e70    00000400   00000000    rw- .stack


SECTION ALLOCATION MAP

 output                                  attributes/
section   page    origin      length       input sections
--------  ----  ----------  ----------   ----------------
.intvecs   0    00000000    00000044     RUN ADDR = 20000000
                  00000000    00000044     bl_startup_ccs.obj (.intvecs)

.text      0    00000044    000019fc     RUN ADDR = 20000044
                  00000044    000003d0     bl_emac.obj (.text:uip_process)
                  00000414    00000320     bl_emac.obj (.text:EnetReconfig)
                  00000734    00000270     bl_emac.obj (.text:BOOTPThread)
                  000009a4    000001e8     bl_emac.obj (.text:uip_arp_out)
                  00000b8c    00000150     bl_emac.obj (.text:ParseTFTPData)
                  00000cdc    00000140     bl_emac.obj (.text:uip_arp_update)
                  00000e1c    00000128     bl_emac.obj (.text:UpdateBOOTP)
                  00000f44    00000108     bl_emac.obj (.text:uip_arp_arpin)
                  0000104c    000000e0     bl_emac.obj (.text:uip_udp_new)
                  0000112c    000000dc     bl_emac.obj (.text:SendBOOTPRequest)
                  00001208    000000d0     bl_emac.obj (.text:ConfigureEnet)
                  000012d8    000000a6     bl_emac.obj (.text:chksum)
                  0000137e    00000002     --HOLE-- [fill = 0]
                  00001380    000000a4     bl_emac.obj (.text:PacketReceive)
                  00001424    000000a4     bl_emac.obj (.text:PacketTransmit)
                  000014c8    00000098     bl_emac.obj (.text:ParseBOOTPReply)
                  00001560    00000098     bl_startup_ccs.obj (.text)
                  000015f8    00000094     bl_emac.obj (.text:LOCAL_EMACPHYConfigSet)
                  0000168c    00000084     bl_emac.obj (.text:SendTFTPError)
                  00001710    00000078     bl_emac.obj (.text:SendTFTPGet)
                  00001788    0000006c     bl_emac.obj (.text:uip_arp_timer)
                  000017f4    0000004c     bl_emac.obj (.text:LOCAL_EMACPHYRead)
                  00001840    00000042     bl_check.obj (.text:CheckForceUpdate)
                  00001882    00000002     --HOLE-- [fill = 0]
                  00001884    00000040     bl_emac.obj (.text:uip_arp_init)
                  000018c4    00000040     bl_emac.obj (.text:uip_init)
                  00001904    0000003c     bl_emac.obj (.text:my_memcpy)
                  00001940    00000038     bl_emac.obj (.text:uip_send)
                  00001978    00000034     bl_emac.obj (.text:my_memset)
                  000019ac    0000002c     bl_emac.obj (.text:uip_ipchksum)
                  000019d8    00000028     bl_emac.obj (.text:SysTickIntHandler)
                  00001a00    00000024     bl_emac.obj (.text:RandomNumber)
                  00001a24    0000001c     bl_emac.obj (.text:htons)

.const     0    00001a40    0000001e     RUN ADDR = 20001a40
                  00001a40    00000006     bl_emac.obj (.const:broadcast_ethaddr)
                  00001a46    00000004     bl_emac.obj (.const:all_ones_addr)
                  00001a4a    00000004     bl_emac.obj (.const:all_zeroes_addr)
                  00001a4e    00000004     bl_emac.obj (.const:broadcast_ipaddr)
                  00001a52    00000004     bl_emac.obj (.const:uip_draddr)
                  00001a56    00000004     bl_emac.obj (.const:uip_hostaddr)
                  00001a5a    00000004     bl_emac.obj (.const:uip_netmask)

.data      0    00001a5e    00000006     RUN ADDR = 20001a5e
                  00001a5e    00000006     bl_emac.obj (.data:uip_ethaddr)

.bss       0    20001a68    00001401     UNINITIALIZED
                  20001a68    00000644     (.common:uip_buf)
                  200020ac    00000600     (.common:g_pui8RxBuffer)
                  200026ac    00000600     (.common:g_pui8TxBuffer)
                  20002cac    00000080     bl_emac.obj (.bss:g_pcFilename)
                  20002d2c    00000060     (.common:g_psRxDescriptor)
                  20002d8c    00000060     (.common:g_psTxDescriptor)
                  20002dec    00000034     bl_emac.obj (.bss)
                  20002e20    00000010     (.common:uip_udp_conns)
                  20002e30    0000000c     bl_emac.obj (.bss:arp_table)
                  20002e3c    00000006     bl_emac.obj (.bss:g_sMACAddr)
                  20002e42    00000004     bl_emac.obj (.bss:g_sServerAddr)
                  20002e46    00000004     bl_emac.obj (.bss:ipaddr)
                  20002e4a    00000002     bl_emac.obj (.bss:g_sThread)
                  20002e4c    00000004     (.common:g_pConn)
                  20002e50    00000004     (.common:g_ui32RxDescIndex)
                  20002e54    00000004     (.common:g_ui32TxDescIndex)
                  20002e58    00000004     (.common:uip_appdata)
                  20002e5c    00000004     (.common:uip_sappdata)
                  20002e60    00000004     (.common:uip_udp_conn)
                  20002e64    00000002     (.common:uip_len)
                  20002e66    00000002     (.common:uip_slen)
                  20002e68    00000001     (.common:uip_flags)

.stack     0    20002e70    00000400     UNINITIALIZED
                  20002e70    00000400     bl_startup_ccs.obj (.stack)

MODULE SUMMARY

       Module               code    ro data   rw data
       ------               ----    -------   -------
    ./boot_loader/
       bl_emac.obj          12860   60        5133   
       bl_startup_ccs.obj   304     136       0      
       bl_check.obj         132     0         0      
    +--+--------------------+-------+---------+---------+
       Total:               13296   196       5133   
                                                     
       Stack:               0       0         1024   
    +--+--------------------+-------+---------+---------+
       Grand Total:         13296   196       6157   


GLOBAL SYMBOLS: SORTED ALPHABETICALLY BY Name 

address   name                
-------   ----                
20000735  BOOTPThread         
20001841  CheckForceUpdate    
20001209  ConfigureEnet       
200015f1  Delay               
20000415  EnetReconfig        
200017f5  LOCAL_EMACPHYRead   
200015a5  ResetISR            
200015c7  StartApplication    
200019d9  SysTickIntHandler   
20000e1d  UpdateBOOTP         
20000000  Vectors             
20003270  __STACK_END         
00000400  __STACK_SIZE        
20003270  __STACK_TOP         
ffffffff  __TI_pprof_out_hndl 
ffffffff  __TI_prof_data_size 
ffffffff  __TI_prof_data_start
20000000  __TI_static_base__  
ffffffff  __binit__           
ffffffff  __c_args__          
20002e70  __stack             
200015f7  _c_int00            
ffffffff  binit               
20003270  bss_end             
20001a68  bss_run             
00001808  bss_size            
20002e4c  g_pConn             
20002d2c  g_psRxDescriptor    
20002d8c  g_psTxDescriptor    
200020ac  g_pui8RxBuffer      
200026ac  g_pui8TxBuffer      
20002e50  g_ui32RxDescIndex   
20002e54  g_ui32TxDescIndex   
20001a25  htons               
00000000  init_load           
20000000  init_run            
00001a64  init_size           
20001905  my_memcpy           
20001979  my_memset           
20002e58  uip_appdata         
20000f45  uip_arp_arpin       
20001885  uip_arp_init        
200009a5  uip_arp_out         
20001789  uip_arp_timer       
20001a68  uip_buf             
20001a52  uip_draddr          
20001a5e  uip_ethaddr         
20002e68  uip_flags           
20001a56  uip_hostaddr        
200018c5  uip_init            
200019ad  uip_ipchksum        
20002e64  uip_len             
20001a5a  uip_netmask         
20000045  uip_process         
20002e5c  uip_sappdata        
20001941  uip_send            
20002e66  uip_slen            
20002e60  uip_udp_conn        
20002e20  uip_udp_conns       
2000104d  uip_udp_new         


GLOBAL SYMBOLS: SORTED BY Symbol Address 

address   name                
-------   ----                
00000000  init_load           
00000400  __STACK_SIZE        
00001808  bss_size            
00001a64  init_size           
20000000  Vectors             
20000000  __TI_static_base__  
20000000  init_run            
20000045  uip_process         
20000415  EnetReconfig        
20000735  BOOTPThread         
200009a5  uip_arp_out         
20000e1d  UpdateBOOTP         
20000f45  uip_arp_arpin       
2000104d  uip_udp_new         
20001209  ConfigureEnet       
200015a5  ResetISR            
200015c7  StartApplication    
200015f1  Delay               
200015f7  _c_int00            
20001789  uip_arp_timer       
200017f5  LOCAL_EMACPHYRead   
20001841  CheckForceUpdate    
20001885  uip_arp_init        
200018c5  uip_init            
20001905  my_memcpy           
20001941  uip_send            
20001979  my_memset           
200019ad  uip_ipchksum        
200019d9  SysTickIntHandler   
20001a25  htons               
20001a52  uip_draddr          
20001a56  uip_hostaddr        
20001a5a  uip_netmask         
20001a5e  uip_ethaddr         
20001a68  bss_run             
20001a68  uip_buf             
200020ac  g_pui8RxBuffer      
200026ac  g_pui8TxBuffer      
20002d2c  g_psRxDescriptor    
20002d8c  g_psTxDescriptor    
20002e20  uip_udp_conns       
20002e4c  g_pConn             
20002e50  g_ui32RxDescIndex   
20002e54  g_ui32TxDescIndex   
20002e58  uip_appdata         
20002e5c  uip_sappdata        
20002e60  uip_udp_conn        
20002e64  uip_len             
20002e66  uip_slen            
20002e68  uip_flags           
20002e70  __stack             
20003270  __STACK_END         
20003270  __STACK_TOP         
20003270  bss_end             
ffffffff  __TI_pprof_out_hndl 
ffffffff  __TI_prof_data_size 
ffffffff  __TI_prof_data_start
ffffffff  __binit__           
ffffffff  __c_args__          
ffffffff  binit               

[60 symbols]
